[0.372s] Invoking command in '/home/kachi/ros2_ws/build/person_msgs': /usr/bin/cmake /home/kachi/ros2_ws/src/person_msgs -DCMAKE_INSTALL_PREFIX=/home/kachi/ros2_ws/install/person_msgs
[0.395s] -- Found ament_cmake: 0.7.6 (/opt/ros/dashing/share/ament_cmake/cmake)
[0.423s] -- Found PythonInterp: /usr/bin/python3 (found suitable version "3.6.9", minimum required is "3") 
[0.423s] -- Using PYTHON_EXECUTABLE: /usr/bin/python3
[0.666s] -- Found rosidl_default_generators: 0.7.0 (/opt/ros/dashing/share/rosidl_default_generators/cmake)
[2.633s] -- Found rosidl_adapter: 0.7.10 (/opt/ros/dashing/share/rosidl_adapter/cmake)
[4.957s] -- Found PythonInterp: /usr/bin/python3 (found version "3.6.9") 
[5.069s] Error parsing '/home/kachi/ros2_ws/src/person_msgs/package.xml':
[5.123s] Traceback (most recent call last):
[5.124s]   File "/usr/lib/python3/dist-packages/catkin_pkg/package.py", line 610, in parse_package_string
[5.124s]     root = dom.parseString(data)
[5.124s]   File "/usr/lib/python3.6/xml/dom/minidom.py", line 1968, in parseString
[5.124s]     return expatbuilder.parseString(string)
[5.124s]   File "/usr/lib/python3.6/xml/dom/expatbuilder.py", line 925, in parseString
[5.124s]     return builder.parseString(string)
[5.124s]   File "/usr/lib/python3.6/xml/dom/expatbuilder.py", line 223, in parseString
[5.124s]     parser.Parse(string, True)
[5.124s] xml.parsers.expat.ExpatError: mismatched tag: line 13, column 46
[5.124s] 
[5.124s] During handling of the above exception, another exception occurred:
[5.124s] 
[5.125s] Traceback (most recent call last):
[5.125s]   File "/opt/ros/dashing/share/ament_cmake_core/cmake/core/package_xml_2_cmake.py", line 143, in <module>
[5.125s]     main()
[5.125s]   File "/opt/ros/dashing/share/ament_cmake_core/cmake/core/package_xml_2_cmake.py", line 52, in main
[5.125s]     raise e
[5.125s]   File "/opt/ros/dashing/share/ament_cmake_core/cmake/core/package_xml_2_cmake.py", line 49, in main
[5.126s]     args.package_xml.read(), filename=args.package_xml.name)
[5.126s]   File "/usr/lib/python3/dist-packages/catkin_pkg/package.py", line 612, in parse_package_string
[5.126s]     raise InvalidPackage('The manifest contains invalid XML:\n%s' % ex, filename)
[5.126s] catkin_pkg.package.InvalidPackage: Error(s) in package '/home/kachi/ros2_ws/src/person_msgs/package.xml':
[5.126s] The manifest contains invalid XML:
[5.126s] mismatched tag: line 13, column 46
[5.137s] CMake Error at /opt/ros/dashing/share/ament_cmake_core/cmake/core/ament_package_xml.cmake:94 (message):
[5.137s]   execute_process(/usr/bin/python3
[5.137s]   /opt/ros/dashing/share/ament_cmake_core/cmake/core/package_xml_2_cmake.py
[5.137s]   /home/kachi/ros2_ws/src/person_msgs/package.xml
[5.137s]   /home/kachi/ros2_ws/build/person_msgs/ament_cmake_core/package.cmake)
[5.137s]   returned error code 1
[5.138s] Call Stack (most recent call first):
[5.138s]   /opt/ros/dashing/share/ament_cmake_core/cmake/core/ament_package_xml.cmake:49 (_ament_package_xml)
[5.138s]   /opt/ros/dashing/share/rosidl_cmake/cmake/rosidl_generate_interfaces.cmake:226 (ament_package_xml)
[5.138s]   CMakeLists.txt:21 (rosidl_generate_interfaces)
[5.138s] 
[5.138s] 
[5.139s] -- Configuring incomplete, errors occurred!
[5.139s] See also "/home/kachi/ros2_ws/build/person_msgs/CMakeFiles/CMakeOutput.log".
[5.143s] Invoked command in '/home/kachi/ros2_ws/build/person_msgs' returned '1': /usr/bin/cmake /home/kachi/ros2_ws/src/person_msgs -DCMAKE_INSTALL_PREFIX=/home/kachi/ros2_ws/install/person_msgs
